12:16:15 **** Incremental Build of configuration Debug for project mic_tutorial ****
make -j16 all 
arm-none-eabi-gcc "../Core/Src/main.c" -mcpu=cortex-m4 -std=gnu11 -g3 -DDEBUG -DUSE_HAL_DRIVER -DSTM32F446xx -c -I../FATFS/Target -I../FATFS/App -I../Core/Inc -I../Drivers/STM32F4xx_HAL_Driver/Inc -I../Drivers/STM32F4xx_HAL_Driver/Inc/Legacy -I../Middlewares/Third_Party/FatFs/src -I../Drivers/CMSIS/Device/ST/STM32F4xx/Include -I../Drivers/CMSIS/Include -O0 -ffunction-sections -fdata-sections -Wall -fstack-usage -fcyclomatic-complexity -MMD -MP -MF"Core/Src/main.d" -MT"Core/Src/main.o" --specs=nano.specs -mfpu=fpv4-sp-d16 -mfloat-abi=hard -mthumb -o "Core/Src/main.o"
arm-none-eabi-g++ -o "mic_tutorial.elf" @"objects.list"   -mcpu=cortex-m4 -T"C:\Users\kiera\STM32CubeIDE\workspace_1.13.1\mic_tutorial\mic_tutorial\STM32F446RETX_FLASH.ld" --specs=nosys.specs -Wl,-Map="mic_tutorial.map" -Wl,--gc-sections -static --specs=nano.specs -mfpu=fpv4-sp-d16 -mfloat-abi=hard -mthumb -Wl,--start-group -lc -lm -lstdc++ -lsupc++ -Wl,--end-group
Finished building target: mic_tutorial.elf
 
arm-none-eabi-size   mic_tutorial.elf 
arm-none-eabi-objdump -h -S  mic_tutorial.elf  > "mic_tutorial.list"
   text	   data	    bss	    dec	    hex	filename
  21428	    132	  11164	  32724	   7fd4	mic_tutorial.elf
Finished building: default.size.stdout
 
Finished building: mic_tutorial.list
 

12:16:16 Build Finished. 0 errors, 0 warnings. (took 1s.57ms)

