../Drivers/CMSIS/Include/core_cm4.h:2064:26:ITM_SendChar	16	static,ignoring_inline_asm
../Core/Src/main.c:82:5:main	8	static
../Core/Src/main.c:171:6:SystemClock_Config	88	static
../Core/Src/main.c:218:6:PeriphCommonClock_Config	104	static
../Core/Src/main.c:244:13:MX_I2S1_Init	8	static
../Core/Src/main.c:278:13:MX_I2S2_Init	8	static
../Core/Src/main.c:312:13:MX_SPI3_Init	8	static
../Core/Src/main.c:348:13:MX_DMA_Init	16	static
../Core/Src/main.c:370:13:MX_GPIO_Init	40	static
../Core/Src/main.c:409:5:_write	32	static
../Core/Src/main.c:419:6:HAL_I2S_RxCpltCallback	16	static
../Core/Src/main.c:424:6:HAL_I2S_RxHalfCpltCallback	16	static
../Core/Src/main.c:430:6:HAL_GPIO_EXTI_Callback	16	static
../Core/Src/main.c:452:6:process_SD_card_wav	8312	static
../Core/Src/main.c:477:6:process_SD_card	8424	static
../Core/Src/main.c:555:6:Error_Handler	4	static,ignoring_inline_asm
