../Core/Src/ff.c:610:13:ld_word	24	static
../Core/Src/ff.c:619:14:ld_dword	24	static
../Core/Src/ff.c:648:13:st_word	16	static
../Core/Src/ff.c:654:13:st_dword	16	static
../Core/Src/ff.c:684:13:mem_cpy	32	static
../Core/Src/ff.c:698:13:mem_set	32	static
../Core/Src/ff.c:709:12:mem_cmp	40	static
../Core/Src/ff.c:723:12:chk_chr	16	static
../Core/Src/ff.c:731:12:dbc_1st	16	static
../Core/Src/ff.c:751:12:dbc_2nd	16	static
../Core/Src/ff.c:1072:16:sync_window	24	static
../Core/Src/ff.c:1094:16:move_window	24	static
../Core/Src/ff.c:1125:16:sync_fs	24	static
../Core/Src/ff.c:1162:14:clst2sect	16	static
../Core/Src/ff.c:1179:14:get_fat	32	static
../Core/Src/ff.c:1256:16:put_fat	48	static
../Core/Src/ff.c:1446:16:remove_chain	40	static
../Core/Src/ff.c:1541:14:create_chain	40	static
../Core/Src/ff.c:1674:16:dir_clear	32	static
../Core/Src/ff.c:1713:16:dir_sdi	32	static
../Core/Src/ff.c:1761:16:dir_next	32	static
../Core/Src/ff.c:1822:16:dir_alloc	32	static
../Core/Src/ff.c:1864:14:ld_clust	24	static
../Core/Src/ff.c:1881:13:st_clust	24	static
../Core/Src/ff.c:2364:16:dir_read	32	static
../Core/Src/ff.c:2442:16:dir_find	32	static
../Core/Src/ff.c:2523:16:dir_register	24	static
../Core/Src/ff.c:2629:16:dir_remove	24	static
../Core/Src/ff.c:2675:13:get_fileinfo	32	static
../Core/Src/ff.c:2859:16:create_name	48	static
../Core/Src/ff.c:3060:16:follow_path	32	static
../Core/Src/ff.c:3147:12:get_ldnumber	40	static
../Core/Src/ff.c:3293:13:check_fs	24	static
../Core/Src/ff.c:3330:13:find_volume	40	static
../Core/Src/ff.c:3384:16:mount_volume	72	static
../Core/Src/ff.c:3613:16:validate	24	static
../Core/Src/ff.c:3657:9:f_mount	40	static
../Core/Src/ff.c:3705:9:f_open	104	static
../Core/Src/ff.c:3897:9:f_read	64	static
../Core/Src/ff.c:3998:9:f_write	56	static
../Core/Src/ff.c:4120:9:f_sync	32	static
../Core/Src/ff.c:4201:9:f_close	24	static
../Core/Src/ff.c:4237:9:f_chdrive	24	static
../Core/Src/ff.c:4254:9:f_chdir	80	static
../Core/Src/ff.c:4316:9:f_getcwd	112	static
../Core/Src/ff.c:4416:9:f_lseek	40	static
../Core/Src/ff.c:4579:9:f_opendir	24	static
../Core/Src/ff.c:4645:9:f_closedir	24	static
../Core/Src/ff.c:4675:9:f_readdir	24	static
../Core/Src/ff.c:4763:9:f_stat	64	static
../Core/Src/ff.c:4798:9:f_getfree	72	static
../Core/Src/ff.c:4888:9:f_truncate	32	static
../Core/Src/ff.c:4938:9:f_unlink	120	static
../Core/Src/ff.c:5032:9:f_mkdir	96	static
../Core/Src/ff.c:5116:9:f_rename	160	static
../Core/Src/ff.c:6382:8:f_gets	48	static
../Core/Src/ff.c:6529:13:putc_bfd	32	static
../Core/Src/ff.c:6660:12:putc_flush	24	static
../Core/Src/ff.c:6673:13:putc_init	16	static
../Core/Src/ff.c:6681:5:f_putc	96	static
../Core/Src/ff.c:6701:5:f_puts	96	static
../Core/Src/ff.c:6721:5:f_printf	164	static
