../Drivers/CMSIS/Include/core_cm4.h:2064:26:ITM_SendChar	16	static,ignoring_inline_asm
../Core/Src/main.c:82:5:main	8	static
../Core/Src/main.c:138:6:SystemClock_Config	88	static
../Core/Src/main.c:185:6:PeriphCommonClock_Config	104	static
../Core/Src/main.c:211:13:MX_I2S1_Init	8	static
../Core/Src/main.c:245:13:MX_I2S2_Init	8	static
../Core/Src/main.c:279:13:MX_SPI3_Init	8	static
../Core/Src/main.c:315:13:MX_DMA_Init	16	static
../Core/Src/main.c:337:13:MX_GPIO_Init	40	static
../Core/Src/main.c:363:6:init_sdcard_spi	8	static
../Core/Src/main.c:375:6:sdcard_high_speed	8	static
../Core/Src/main.c:379:6:enable_sdcard	8	static
../Core/Src/main.c:383:6:disable_sdcard	8	static
../Core/Src/main.c:392:5:_write	32	static
../Core/Src/main.c:409:6:Error_Handler	4	static,ignoring_inline_asm
