../Drivers/CMSIS/Include/core_cm4.h:2064:26:ITM_SendChar	16	static,ignoring_inline_asm
../Core/Src/main.c:78:5:main	8	static
../Core/Src/main.c:158:6:SystemClock_Config	88	static
../Core/Src/main.c:206:13:MX_I2S2_Init	8	static
../Core/Src/main.c:240:13:MX_SPI3_Init	8	static
../Core/Src/main.c:276:13:MX_DMA_Init	16	static
../Core/Src/main.c:294:13:MX_GPIO_Init	40	static
../Core/Src/main.c:330:5:_write	32	static
../Core/Src/main.c:340:6:HAL_I2S_RxCpltCallback	16	static
../Core/Src/main.c:345:6:HAL_I2S_RxHalfCpltCallback	16	static
../Core/Src/main.c:351:6:HAL_GPIO_EXTI_Callback	16	static
../Core/Src/main.c:365:6:process_SD_card_wav	8312	static
../Core/Src/main.c:390:6:process_SD_card	8424	static
../Core/Src/main.c:468:6:Error_Handler	4	static,ignoring_inline_asm
